Optimizing Linkage Editor (V.10.02.00.000)        04-Sep-2014 17:47:12

*** Options ***

-subcommand=C:/Users/220038362/My Documents/e2studio/workspace/Tutorial\HardwareDebug\LinkerSubCommand.tmp
-input="./src/ascii.obj"
-input="./src/flashled.obj"
-input="./src/lcd.obj"
-input="./src/main.obj"
-input="./src/r_cg_cgc.obj"
-input="./src/r_cg_cgc_user.obj"
-input="./src/r_cg_cmt.obj"
-input="./src/r_cg_cmt_user.obj"
-input="./src/r_cg_dbsct.obj"
-input="./src/r_cg_hardware_setup.obj"
-input="./src/r_cg_icu.obj"
-input="./src/r_cg_icu_user.obj"
-input="./src/r_cg_intprg.obj"
-input="./src/r_cg_mtu2.obj"
-input="./src/r_cg_mtu2_user.obj"
-input="./src/r_cg_port.obj"
-input="./src/r_cg_port_user.obj"
-input="./src/r_cg_resetprg.obj"
-input="./src/r_cg_s12adb.obj"
-input="./src/r_cg_s12adb_user.obj"
-input="./src/r_cg_sbrk.obj"
-input="./src/r_cg_sci.obj"
-input="./src/r_cg_sci_user.obj"
-input="./src/r_cg_vecttbl.obj"
-input="./src/utility.obj"
-start=SU,SI,B_1,R_1,B_2,R_2,B,R/0,PResetPRG/0FFFE0000,C_1,C_2,C,C$*,D*,W*,L/0FFFE1000,PIntPRG/0FFFE6000,P/0FFFE8000,FIXEDVECT/0FFFFFFD0
-library=C:\Users\220038~1\DOCUME~1\e2studio\WORKSP~1\Tutorial\HARDWA~2\Tutorial.lib
-noprelink
-list=Tutorial.map
-show
-nooptimize
-rom=D=R,D_1=R_1,D_2=R_2
-nomessage
-nologo
-output=C:\Users\220038362\My Documents\e2studio\workspace\Tutorial\HardwareDebug\Tutorial.abs

*** Error information ***

*** Mapping List ***

SECTION                            START      END         SIZE   ALIGN

SU
                                  00000000  000000ff       100   4
SI
                                  00000100  000003ff       300   4
B_1
                                  00000400  000007ff       400   1
R_1
                                  00000800  00000807         8   1
B_2
                                  00000808  00000c0b       404   2
R_2
                                  00000c0c  00000c0f         4   2
B
                                  00000c10  00000c13         4   4
R
                                  00000c14  00000c17         4   4
PResetPRG
                                  fffe0000  fffe002d        2e   1
C_1
                                  fffe1000  fffe1239       23a   1
C_2
                                  fffe123a  fffe123a         0   2
C
                                  fffe123c  fffe126f        34   4
C$DSEC
                                  fffe1270  fffe1293        24   4
C$BSEC
                                  fffe1294  fffe12ab        18   4
C$INIT
                                  fffe12ac  fffe12ac         0   4
C$VTBL
                                  fffe12ac  fffe12ac         0   4
C$VECT
                                  fffe12ac  fffe16ab       400   4
D_2
                                  fffe16ac  fffe16af         4   2
D_1
                                  fffe16b0  fffe16b7         8   1
D
                                  fffe16b8  fffe16bb         4   4
W_1
                                  fffe16bc  fffe16bc         0   1
W_2
                                  fffe16bc  fffe16bc         0   2
W
                                  fffe16bc  fffe16bc         0   4
L
                                  fffe16bc  fffe16d5        1a   4
PIntPRG
                                  fffe6000  fffe6090        91   1
P
                                  fffe8000  fffe9b88      1b89   1
$ADDR_C_FFFFFF80
                                  ffffff80  ffffff83         4   1
$ADDR_C_FFFFFF88
                                  ffffff88  ffffff8f         8   1
$ADDR_C_FFFFFFA0
                                  ffffffa0  ffffffaf        10   1
FIXEDVECT
                                  ffffffd0  ffffffff        30   4

*** Symbol List ***

SECTION=
FILE=                               START        END    SIZE
  SYMBOL                            ADDR        SIZE    INFO      COUNTS  OPT

SECTION=SU
FILE=.\src\r_cg_resetprg.obj
                                  00000000  000000ff       100

SECTION=SI
FILE=.\src\r_cg_resetprg.obj
                                  00000100  000003ff       300

SECTION=B_1
FILE=.\src\lcd.obj
                                  00000400  000007ff       400
  _bitmap
                                  00000400       400   data ,g         5

SECTION=R_1
FILE=.\src\lcd.obj
                                  00000800  00000802         3
  _curx
                                  00000800         1   data ,g         a
  _cury
                                  00000801         1   data ,g         a
  _m_InverseMode
                                  00000802         1   data ,g         1
FILE=.\src\r_cg_cmt_user.obj
                                  00000803  00000803         1
  _switchPressCallBackFlag
                                  00000803         1   data ,g         3
FILE=.\src\r_cg_icu_user.obj
                                  00000804  00000806         3
  _switchReleaseCallBackFlag
                                  00000804         1   data ,g         3
  _g_switch_flag
                                  00000805         1   data ,g        21
  _g_switch_standby_ready
                                  00000806         1   data ,g         0
FILE=.\src\r_cg_sci_user.obj
                                  00000807  00000807         1
  _g_sci5_tx_in_process
                                  00000807         1   data ,g         3

SECTION=B_2
FILE=.\src\r_cg_cmt_user.obj
                                  00000808  00000809         2
  _g_timer_adc_period
                                  00000808         2   data ,g         4
FILE=.\src\r_cg_sbrk.obj
                                  0000080a  00000c09       400
  _heap_area
                                  0000080a       400   data ,l         2
FILE=.\src\r_cg_sci.obj
                                  00000c0a  00000c0b         2
  _g_sci5_tx_count
                                  00000c0a         2   data ,g         4

SECTION=R_2
FILE=.\src\flashled.obj
                                  00000c0c  00000c0f         4
  _flash_count$2
                                  00000c0c         2   data ,l         6
  _flash_count$8
                                  00000c0e         2   data ,l         6

SECTION=B
FILE=.\src\r_cg_sci.obj
                                  00000c10  00000c13         4
  _gp_sci5_tx_address
                                  00000c10         4   data ,g         4

SECTION=R
FILE=.\src\r_cg_sbrk.obj
                                  00000c14  00000c17         4
  _brk
                                  00000c14         4   data ,l         4

SECTION=PResetPRG
FILE=.\src\r_cg_resetprg.obj
                                  fffe0000  fffe002d        2e
  _PowerON_Reset
                                  fffe0000        2e   entry,g         1

SECTION=C_1
FILE=.\src\ascii.obj
                                  fffe1000  fffe1239       23a
  _ASCII_TABLE
                                  fffe1000       23a   data ,g         1

SECTION=C
FILE=.\src\r_cg_dbsct.obj
                                  fffe123c  fffe126f        34
  __CTBL
                                  fffe123c        34   data ,g         0

SECTION=C$DSEC
FILE=.\src\r_cg_dbsct.obj
                                  fffe1270  fffe1293        24
  __DTBL
                                  fffe1270        24   data ,g         0

SECTION=C$BSEC
FILE=.\src\r_cg_dbsct.obj
                                  fffe1294  fffe12ab        18
  __BTBL
                                  fffe1294        18   data ,g         0

SECTION=C$VECT
FILE=.\src\r_cg_dbsct.obj
                                  fffe12ac  fffe16ab       400

SECTION=D_2
FILE=.\src\flashled.obj
                                  fffe16ac  fffe16af         4

SECTION=D_1
FILE=.\src\lcd.obj
                                  fffe16b0  fffe16b2         3
FILE=.\src\r_cg_cmt_user.obj
                                  fffe16b3  fffe16b3         1
FILE=.\src\r_cg_icu_user.obj
                                  fffe16b4  fffe16b6         3
FILE=.\src\r_cg_sci_user.obj
                                  fffe16b7  fffe16b7         1

SECTION=D
FILE=.\src\r_cg_sbrk.obj
                                  fffe16b8  fffe16bb         4

SECTION=L
FILE=.\src\main.obj
                                  fffe16bc  fffe16cd        12
FILE=.\src\utility.obj
                                  fffe16d0  fffe16d5         6

SECTION=PIntPRG
FILE=.\src\r_cg_intprg.obj
                                  fffe6000  fffe6090        91
  _Excep_SuperVisorInst
                                  fffe6000         2   func ,g         1
  _Excep_UndefinedInst
                                  fffe6002         2   func ,g         1
  _Excep_FloatingPoint
                                  fffe6004         1   func ,g         0
  _NonMaskableInterrupt
                                  fffe6005         2   func ,g         1
  _Dummy
                                  fffe6007         2   func ,g         8
  _Excep_BRK
                                  fffe6009         4   func ,g         0
  _Excep_BSC_BUSERR
                                  fffe600d         2   func ,g         0
  _Excep_ICU_SWINT
                                  fffe600f         2   func ,g         0
  _Excep_CAC_FERRF
                                  fffe6011         2   func ,g         0
  _Excep_CAC_MENDF
                                  fffe6013         2   func ,g         0
  _Excep_CAC_OVFF
                                  fffe6015         2   func ,g         0
  _Excep_USB0_D0FIFO0
                                  fffe6017         2   func ,g         0
  _Excep_USB0_D1FIFO0
                                  fffe6019         2   func ,g         0
  _Excep_USB0_USBI0
                                  fffe601b         2   func ,g         0
  _Excep_RSPI0_SPEI0
                                  fffe601d         2   func ,g         0
  _Excep_RSPI0_SPRI0
                                  fffe601f         2   func ,g         0
  _Excep_RSPI0_SPTI0
                                  fffe6021         2   func ,g         0
  _Excep_RSPI0_SPII0
                                  fffe6023         2   func ,g         0
  _Excep_DOC_DOPCF
                                  fffe6025         2   func ,g         0
  _Excep_RTC_CUP
                                  fffe6027         2   func ,g         0
  _Excep_ICU_IRQ2
                                  fffe6029         2   func ,g         0
  _Excep_ICU_IRQ3
                                  fffe602b         2   func ,g         0
  _Excep_ICU_IRQ5
                                  fffe602d         2   func ,g         0
  _Excep_ICU_IRQ6
                                  fffe602f         2   func ,g         0
  _Excep_ICU_IRQ7
                                  fffe6031         2   func ,g         0
  _Excep_LVD_LVD1
                                  fffe6033         2   func ,g         0
  _Excep_LVD_LVD2
                                  fffe6035         2   func ,g         0
  _Excep_USB0_USBR0
                                  fffe6037         2   func ,g         0
  _Excep_RTC_ALM
                                  fffe6039         2   func ,g         0
  _Excep_RTC_PRD
                                  fffe603b         2   func ,g         0
  _Excep_S12AD_GBADI
                                  fffe603d         2   func ,g         0
  _Excep_ELC_ELSR18I
                                  fffe603f         2   func ,g         0
  _Excep_MTU0_TGIA0
                                  fffe6041         2   func ,g         0
  _Excep_MTU0_TGIB0
                                  fffe6043         2   func ,g         0
  _Excep_MTU0_TGIC0
                                  fffe6045         2   func ,g         0
  _Excep_MTU0_TGID0
                                  fffe6047         2   func ,g         0
  _Excep_MTU0_TCIV0
                                  fffe6049         2   func ,g         0
  _Excep_MTU0_TGIE0
                                  fffe604b         2   func ,g         0
  _Excep_MTU0_TGIF0
                                  fffe604d         2   func ,g         0
  _Excep_MTU1_TGIA1
                                  fffe604f         2   func ,g         0
  _Excep_MTU1_TGIB1
                                  fffe6051         2   func ,g         0
  _Excep_MTU1_TCIV1
                                  fffe6053         2   func ,g         0
  _Excep_MTU1_TCIU1
                                  fffe6055         2   func ,g         0
  _Excep_MTU2_TGIA2
                                  fffe6057         2   func ,g         0
  _Excep_MTU2_TGIB2
                                  fffe6059         2   func ,g         0
  _Excep_MTU2_TCIV2
                                  fffe605b         2   func ,g         0
  _Excep_MTU2_TCIU2
                                  fffe605d         2   func ,g         0
  _Excep_MTU3_TGIA3
                                  fffe605f         2   func ,g         0
  _Excep_MTU3_TGIB3
                                  fffe6061         2   func ,g         0
  _Excep_MTU3_TGIC3
                                  fffe6063         2   func ,g         0
  _Excep_MTU3_TGID3
                                  fffe6065         2   func ,g         0
  _Excep_MTU3_TCIV3
                                  fffe6067         2   func ,g         0
  _Excep_MTU4_TGIA4
                                  fffe6069         2   func ,g         0
  _Excep_MTU4_TGIB4
                                  fffe606b         2   func ,g         0
  _Excep_MTU4_TGIC4
                                  fffe606d         2   func ,g         0
  _Excep_MTU4_TGID4
                                  fffe606f         2   func ,g         0
  _Excep_MTU4_TCIV4
                                  fffe6071         2   func ,g         0
  _Excep_MTU5_TGIU5
                                  fffe6073         2   func ,g         0
  _Excep_MTU5_TGIV5
                                  fffe6075         2   func ,g         0
  _Excep_MTU5_TGIW5
                                  fffe6077         2   func ,g         0
  _Excep_POE_OEI1
                                  fffe6079         2   func ,g         0
  _Excep_POE_OEI2
                                  fffe607b         2   func ,g         0
  _Excep_SCI5_ERI5
                                  fffe607d         2   func ,g         0
  _Excep_SCI5_RXI5
                                  fffe607f         2   func ,g         0
  _Excep_SCI12_SCIX0
                                  fffe6081         2   func ,g         0
  _Excep_SCI12_SCIX1
                                  fffe6083         2   func ,g         0
  _Excep_SCI12_SCIX2
                                  fffe6085         2   func ,g         0
  _Excep_SCI12_SCIX3
                                  fffe6087         2   func ,g         0
  _Excep_RIIC0_EEI0
                                  fffe6089         2   func ,g         0
  _Excep_RIIC0_RXI0
                                  fffe608b         2   func ,g         0
  _Excep_RIIC0_TXI0
                                  fffe608d         2   func ,g         0
  _Excep_RIIC0_TEI0
                                  fffe608f         2   func ,g         0

SECTION=P
FILE=.\src\flashled.obj
                                  fffe8000  fffe81a0       1a1
  _Flash_LED
                                  fffe8000        a2   func ,g         0
  _Toggle_LED
                                  fffe80a2        11   func ,g         2
  _Sequence_LED
                                  fffe80b3        c1   func ,g         1
  _LED_Delay
                                  fffe8174        2d   func ,g         8
FILE=.\src\lcd.obj
                                  fffe81a1  fffe87b1       611
  _Init_LCD
                                  fffe81a1         b   func ,g         1
  _Display_LCD
                                  fffe81ac        1d   func ,g         0
  _DisplayStr
                                  fffe81c9        5c   func ,g         2
  _DisplayCenter
                                  fffe8225        75   func ,g         2
  _Clear_Display
                                  fffe829a         7   func ,g         1
  _DisplayClearLine
                                  fffe82a1        55   func ,g         0
  _DisplaySetCursor
                                  fffe82f6        41   func ,g         4
  _DisplayDelay
                                  fffe8337        32   func ,g         2
  _DisplaySetContrast
                                  fffe8369        25   func ,g         1
  _DisplaySetBrightness
                                  fffe838e        23   func ,g         1
  _init_pmod_lcd
                                  fffe83b1        cf   func ,l         1
  _charput
                                  fffe8480       1d9   func ,l         3
  _clr_display
                                  fffe8659        40   func ,l         1
  _update_display
                                  fffe8699        60   func ,l         3
  _display_write_command
                                  fffe86f9        5e   func ,l         e
  _display_write_data_block
                                  fffe8757        5b   func ,l         1
FILE=.\src\main.obj
                                  fffe87b2  fffe87f1        40
  _main
                                  fffe87b2        2f   func ,g         1
  _R_MAIN_UserInit
                                  fffe87e1        11   func ,g         1
FILE=.\src\r_cg_cgc.obj
                                  fffe87f2  fffe88c8        d7
  _R_CGC_Create
                                  fffe87f2        d7   func ,g         1
FILE=.\src\r_cg_cmt.obj
                                  fffe88c9  fffe8a2c       164
  _R_CMT0_Create
                                  fffe88c9        5c   func ,g         1
  _R_CMT0_Start
                                  fffe8925        28   func ,g         1
  _R_CMT0_Stop
                                  fffe894d        28   func ,g         1
  _R_CMT1_Create
                                  fffe8975        5e   func ,g         1
  _R_CMT1_Start
                                  fffe89d3        2d   func ,g         0
  _R_CMT1_Stop
                                  fffe8a00        2d   func ,g         0
FILE=.\src\r_cg_cmt_user.obj
                                  fffe8a2d  fffe8bda       1ae
  _r_cmt_cmi0_interrupt
                                  fffe8a2d       163   func ,l         0
  _r_cmt_cmi1_interrupt
                                  fffe8b90        4b   func ,l         0
FILE=.\src\r_cg_hardware_setup.obj
                                  fffe8bdb  fffe8c4b        71
  _R_Systeminit
                                  fffe8bdb        6d   func ,g         1
  _HardwareSetup
                                  fffe8c48         4   func ,g         1
FILE=.\src\r_cg_icu.obj
                                  fffe8c4c  fffe8db3       168
  _R_ICU_Create
                                  fffe8c4c       10e   func ,g         1
  _R_ICU_IRQ0_Start
                                  fffe8d5a         f   func ,g         1
  _R_ICU_IRQ0_Stop
                                  fffe8d69         f   func ,g         0
  _R_ICU_IRQ1_Start
                                  fffe8d78         f   func ,g         1
  _R_ICU_IRQ1_Stop
                                  fffe8d87         f   func ,g         0
  _R_ICU_IRQ4_Start
                                  fffe8d96         f   func ,g         1
  _R_ICU_IRQ4_Stop
                                  fffe8da5         f   func ,g         0
FILE=.\src\r_cg_icu_user.obj
                                  fffe8db4  fffe9060       2ad
  _r_icu_irq0_interrupt
                                  fffe8db4        d8   func ,l         0
  _r_icu_irq1_interrupt
                                  fffe8e8c        d8   func ,l         0
  _r_icu_irq4_interrupt
                                  fffe8f64        d8   func ,l         0
  _start_debounce_timer
                                  fffe903c        25   func ,l         6
FILE=.\src\r_cg_mtu2.obj
                                  fffe9061  fffe91d7       177
  _R_MTU2_U0_Create
                                  fffe9061       158   func ,g         1
  _R_MTU2_U0_C0_Start
                                  fffe91b9        11   func ,g         0
  _R_MTU2_U0_C0_Stop
                                  fffe91ca         e   func ,g         0
FILE=.\src\r_cg_port.obj
                                  fffe91d8  fffe921e        47
  _R_PORT_Create
                                  fffe91d8        47   func ,g         1
FILE=.\src\r_cg_port_user.obj
                                  fffe921f  fffe92fd        df
  _LED0_On
                                  fffe921f        13   func ,g         0
  _LED0_Off
                                  fffe9232        12   func ,g         0
  _LED0_Toggle
                                  fffe9244        14   func ,g         3
  _LED1_On
                                  fffe9258        12   func ,g         0
  _LED1_Off
                                  fffe926a        11   func ,g         0
  _LED1_Toggle
                                  fffe927b        13   func ,g         3
  _LED2_On
                                  fffe928e        12   func ,g         0
  _LED2_Off
                                  fffe92a0        12   func ,g         0
  _LED2_Toggle
                                  fffe92b2        14   func ,g         3
  _LED3_On
                                  fffe92c6        12   func ,g         0
  _LED3_Off
                                  fffe92d8        12   func ,g         0
  _LED3_Toggle
                                  fffe92ea        14   func ,g         3
FILE=.\src\r_cg_s12adb.obj
                                  fffe92fe  fffe95cf       2d2
  _R_S12ADb_Create
                                  fffe92fe        f6   func ,g         1
  _R_S12ADb_Start
                                  fffe93f4        3b   func ,g         0
  _R_S12ADb_Stop
                                  fffe942f        3b   func ,g         0
  _R_S12ADb_Get_ValueResult
                                  fffe946a       166   func ,g         0
FILE=.\src\r_cg_s12adb_user.obj
                                  fffe95d0  fffe95ed        1e
  _r_s12ad_interrupt
                                  fffe95d0        1e   func ,l         0
FILE=.\src\r_cg_sbrk.obj
                                  fffe95ee  fffe9642        55
  _sbrk
                                  fffe95ee        55   func ,g         0
FILE=.\src\r_cg_sci.obj
                                  fffe9643  fffe98b7       275
  _R_SCI5_Create
                                  fffe9643       10b   func ,g         1
  _R_SCI5_Start
                                  fffe974e        5b   func ,g         1
  _R_SCI5_Stop
                                  fffe97a9        91   func ,g         0
  _R_SCI5_SPI_Master_Send
                                  fffe983a        7e   func ,g         1
FILE=.\src\r_cg_sci_user.obj
                                  fffe98b8  fffe999b        e4
  _r_sci5_transmit_interrupt
                                  fffe98b8        72   func ,l         0
  _r_sci5_transmitend_interrupt
                                  fffe992a        34   func ,l         0
  _r_sci5_callback_transmitend
                                  fffe995e         d   func ,l         1
  _sendSPI5
                                  fffe996b        24   func ,g         2
  _sci5_tx_is_busy
                                  fffe998f         d   func ,g         4
FILE=.\src\utility.obj
                                  fffe999c  fffe9b3e       1a3
  _uint16_to_bcd_string
                                  fffe999c        e4   func ,g         0
  _uint16_to_string
                                  fffe9a80        bf   func ,g         0
FILE=__initsct
                                  fffe9b3f  fffe9b88        4a
  __INITSCT
                                  fffe9b3f         0   none ,g         1
  loop1
                                  fffe9b51         0   none ,l         1
  next_loop1
                                  fffe9b5f         0   none ,l         2
  loop3
                                  fffe9b71         0   none ,l         1
  next_loop3
                                  fffe9b82         0   none ,l         2

SECTION=$ADDR_C_FFFFFF80
FILE=.\src\r_cg_vecttbl.obj
                                  ffffff80  ffffff83         4
  __MDEreg
                                  ffffff80         4   data ,g         0

SECTION=$ADDR_C_FFFFFF88
FILE=.\src\main.obj
                                  ffffff88  ffffff8f         8
  _OFS1_location
                                  ffffff88         4   data ,g         0
  _OFS0_location
                                  ffffff8c         4   data ,g         0

SECTION=$ADDR_C_FFFFFFA0
FILE=.\src\r_cg_vecttbl.obj
                                  ffffffa0  ffffffaf        10
  _id_code
                                  ffffffa0        10   data ,g         0

SECTION=FIXEDVECT
FILE=.\src\r_cg_vecttbl.obj
                                  ffffffd0  ffffffff        30
  _Fixed_Vectors
                                  ffffffd0        30   data ,g         0

*** Delete Symbols ***

SYMBOL                                SIZE    INFO
